This is pdfTeX, Version 3.141592653-2.6-1.40.22 (TeX Live 2022/dev/Debian) (preloaded format=pdflatex 2025.4.30)  30 APR 2025 03:07
entering extended mode
 restricted \write18 enabled.
 %&-line parsing enabled.
**report.tex
(./report.tex
LaTeX2e <2021-11-15> patch level 1
L3 programming layer <2022-01-21>
(/usr/share/texlive/texmf-dist/tex/latex/base/article.cls
Document Class: article 2021/10/04 v1.4n Standard LaTeX document class
(/usr/share/texlive/texmf-dist/tex/latex/base/size10.clo
File: size10.clo 2021/10/04 v1.4n Standard LaTeX file (size option)
)
\c@part=\count185
\c@section=\count186
\c@subsection=\count187
\c@subsubsection=\count188
\c@paragraph=\count189
\c@subparagraph=\count190
\c@figure=\count191
\c@table=\count192
\abovecaptionskip=\skip47
\belowcaptionskip=\skip48
\bibindent=\dimen138
)
(/usr/share/texlive/texmf-dist/tex/latex/amsmath/amsmath.sty
Package: amsmath 2021/10/15 v2.17l AMS math features
\@mathmargin=\skip49

For additional information on amsmath, use the `?' option.
(/usr/share/texlive/texmf-dist/tex/latex/amsmath/amstext.sty
Package: amstext 2021/08/26 v2.01 AMS text

(/usr/share/texlive/texmf-dist/tex/latex/amsmath/amsgen.sty
File: amsgen.sty 1999/11/30 v2.0 generic functions
\@emptytoks=\toks16
\ex@=\dimen139
))
(/usr/share/texlive/texmf-dist/tex/latex/amsmath/amsbsy.sty
Package: amsbsy 1999/11/29 v1.2d Bold Symbols
\pmbraise@=\dimen140
)
(/usr/share/texlive/texmf-dist/tex/latex/amsmath/amsopn.sty
Package: amsopn 2021/08/26 v2.02 operator names
)
\inf@bad=\count193
LaTeX Info: Redefining \frac on input line 234.
\uproot@=\count194
\leftroot@=\count195
LaTeX Info: Redefining \overline on input line 399.
\classnum@=\count196
\DOTSCASE@=\count197
LaTeX Info: Redefining \ldots on input line 496.
LaTeX Info: Redefining \dots on input line 499.
LaTeX Info: Redefining \cdots on input line 620.
\Mathstrutbox@=\box50
\strutbox@=\box51
\big@size=\dimen141
LaTeX Font Info:    Redeclaring font encoding OML on input line 743.
LaTeX Font Info:    Redeclaring font encoding OMS on input line 744.
\macc@depth=\count198
\c@MaxMatrixCols=\count199
\dotsspace@=\muskip16
\c@parentequation=\count266
\dspbrk@lvl=\count267
\tag@help=\toks17
\row@=\count268
\column@=\count269
\maxfields@=\count270
\andhelp@=\toks18
\eqnshift@=\dimen142
\alignsep@=\dimen143
\tagshift@=\dimen144
\tagwidth@=\dimen145
\totwidth@=\dimen146
\lineht@=\dimen147
\@envbody=\toks19
\multlinegap=\skip50
\multlinetaggap=\skip51
\mathdisplay@stack=\toks20
LaTeX Info: Redefining \[ on input line 2938.
LaTeX Info: Redefining \] on input line 2939.
)
(/usr/share/texlive/texmf-dist/tex/latex/amsfonts/amsfonts.sty
Package: amsfonts 2013/01/14 v3.01 Basic AMSFonts support
\symAMSa=\mathgroup4
\symAMSb=\mathgroup5
LaTeX Font Info:    Redeclaring math symbol \hbar on input line 98.
LaTeX Font Info:    Overwriting math alphabet `\mathfrak' in version `bold'
(Font)                  U/euf/m/n --> U/euf/b/n on input line 106.
)
(/usr/share/texlive/texmf-dist/tex/latex/l3backend/l3backend-pdftex.def
File: l3backend-pdftex.def 2022-01-12 L3 backend support: PDF output (pdfTeX)
\l__color_backend_stack_int=\count271
\l__pdf_internal_box=\box52
)
(./report.aux)
\openout1 = `report.aux'.

LaTeX Font Info:    Checking defaults for OML/cmm/m/it on input line 9.
LaTeX Font Info:    ... okay on input line 9.
LaTeX Font Info:    Checking defaults for OMS/cmsy/m/n on input line 9.
LaTeX Font Info:    ... okay on input line 9.
LaTeX Font Info:    Checking defaults for OT1/cmr/m/n on input line 9.
LaTeX Font Info:    ... okay on input line 9.
LaTeX Font Info:    Checking defaults for T1/cmr/m/n on input line 9.
LaTeX Font Info:    ... okay on input line 9.
LaTeX Font Info:    Checking defaults for TS1/cmr/m/n on input line 9.
LaTeX Font Info:    ... okay on input line 9.
LaTeX Font Info:    Checking defaults for OMX/cmex/m/n on input line 9.
LaTeX Font Info:    ... okay on input line 9.
LaTeX Font Info:    Checking defaults for U/cmr/m/n on input line 9.
LaTeX Font Info:    ... okay on input line 9.
LaTeX Font Info:    Trying to load font information for U+msa on input line 11.

 (/usr/share/texlive/texmf-dist/tex/latex/amsfonts/umsa.fd
File: umsa.fd 2013/01/14 v3.01 AMS symbols A
)
LaTeX Font Info:    Trying to load font information for U+msb on input line 11.


(/usr/share/texlive/texmf-dist/tex/latex/amsfonts/umsb.fd
File: umsb.fd 2013/01/14 v3.01 AMS symbols B
)
Overfull \hbox (1.7785pt too wide) in paragraph at lines 15--16
[]\OT1/cmr/m/n/10 Implementation of an infinite/arbitrary-precision arith-metic
 li-brary in Java
 []

[1

{/var/lib/texmf/fonts/map/pdftex/updmap/pdftex.map}]
LaTeX Font Info:    Font shape `OT1/cmtt/bx/n' in size <10> not available
(Font)              Font shape `OT1/cmtt/m/n' tried instead on input line 40.

Overfull \hbox (1.00327pt too wide) in paragraph at lines 43--44
[]\OT1/cmr/m/n/10 Removes the ex-tra un-nec-es-sary lead-ing ze-
 []

[2] [3] [4]
Overfull \hbox (29.55353pt too wide) in paragraph at lines 136--137
\OT1/cmr/m/n/10 in-clude it in the same pack-age, I added the state-ment \OT1/c
mtt/m/n/10 package arbitraryarithmetic;
 []

[5]
Overfull \hbox (0.55513pt too wide) in paragraph at lines 144--145
[]\OT1/cmr/m/n/10 Constructor \OT1/cmtt/m/n/10 AFloat(String num) \OT1/cmr/m/n/
10 that ini-tial-izes the in-stance by the num-
 []


Overfull \hbox (10.88866pt too wide) in paragraph at lines 157--158
[]\OT1/cmr/m/n/10 Subtracts any two floating-point num-bers of ar-bi-trary leng
th. 
 []


Overfull \hbox (12.80533pt too wide) in paragraph at lines 158--159
[]\OT1/cmr/m/n/10 Multiplies any two floating-point num-bers of ar-bi-trary len
gth. 
 []


Overfull \hbox (1.5553pt too wide) in paragraph at lines 159--160
[]\OT1/cmr/m/n/10 Divides any two floating-point num-bers of ar-bi-trary length
. 
 []


Overfull \hbox (17.22418pt too wide) in paragraph at lines 169--170
[]\OT1/cmr/m/n/10 It cal-cu-lates the dec-i-mal lengths of both operands us-ing
 the \OT1/cmtt/m/n/10 decimal[]digits()
 []

[6]
Overfull \hbox (17.22418pt too wide) in paragraph at lines 199--200
[]\OT1/cmr/m/n/10 It cal-cu-lates the dec-i-mal lengths of both operands us-ing
 the \OT1/cmtt/m/n/10 decimal[]digits()
 []

[7]
Overfull \hbox (17.22418pt too wide) in paragraph at lines 222--223
[]\OT1/cmr/m/n/10 It cal-cu-lates the dec-i-mal lengths of both operands us-ing
 the \OT1/cmtt/m/n/10 decimal[]digits()
 []

[8]
LaTeX Font Info:    Font shape `OT1/cmtt/bx/n' in size <12> not available
(Font)              Font shape `OT1/cmtt/m/n' tried instead on input line 239.

Overfull \hbox (9.1103pt too wide) in paragraph at lines 246--247
[]\OT1/cmr/m/n/10 The di-vi-sion op-er-a-tion is per-formed by us-ing \OT1/cmtt
/m/n/10 AInteger :: div (AInteger
 []


Overfull \hbox (0.3326pt too wide) in paragraph at lines 247--248
[]\OT1/cmr/m/n/10 If di-vi-sion by zero is at-tempted, an \OT1/cmtt/m/n/10 Ille
galArgumentException \OT1/cmr/m/n/10 is thrown. 
 []

[9]
Overfull \hbox (1.99872pt too wide) in paragraph at lines 288--289
[]\OT1/cmr/m/n/10 The \OT1/cmtt/m/n/10 compile \OT1/cmr/m/n/10 tar-get com-pile
s \OT1/cmtt/m/n/10 arbitraryarithmetic/*.java \OT1/cmr/m/n/10 into the same
 []

[10] (./report.aux) ) 
Here is how much of TeX's memory you used:
 1258 strings out of 480171
 19086 string characters out of 5894489
 312978 words of memory out of 5000000
 19243 multiletter control sequences out of 15000+600000
 478130 words of font info for 64 fonts, out of 8000000 for 9000
 59 hyphenation exceptions out of 8191
 54i,6n,62p,273b,243s stack positions out of 5000i,500n,10000p,200000b,80000s
 </home/spark/.texlive2021/texmf-var/fonts/pk/ljfour/jknap
pen/ec/tcrm1000.600pk></usr/share/texlive/texmf-dist/fonts/type1/public/amsfont
s/cm/cmbx10.pfb></usr/share/texlive/texmf-dist/fonts/type1/public/amsfonts/cm/c
mbx12.pfb></usr/share/texlive/texmf-dist/fonts/type1/public/amsfonts/cm/cmr10.p
fb></usr/share/texlive/texmf-dist/fonts/type1/public/amsfonts/cm/cmr12.pfb></us
r/share/texlive/texmf-dist/fonts/type1/public/amsfonts/cm/cmr17.pfb></usr/share
/texlive/texmf-dist/fonts/type1/public/amsfonts/cm/cmsy10.pfb></usr/share/texli
ve/texmf-dist/fonts/type1/public/amsfonts/cm/cmtt10.pfb></usr/share/texlive/tex
mf-dist/fonts/type1/public/amsfonts/cm/cmtt12.pfb>
Output written on report.pdf (10 pages, 118988 bytes).
PDF statistics:
 82 PDF objects out of 1000 (max. 8388607)
 52 compressed objects within 1 object stream
 0 named destinations out of 1000 (max. 500000)
 1 words of extra memory for PDF output out of 10000 (max. 10000000)

